<html>
<body>
<pre>
<h1>µVision Build Log</h1>
<h2>Tool Versions:</h2>
IDE-Version: µVision V5.25.2.0
Copyright (C) 2018 ARM Ltd and ARM Germany GmbH. All rights reserved.
License Information: Ananda Utama, RMIT, LIC=----
 
Tool Versions:
Toolchain:       MDK-Lite  Version: 5.25.2.0
Toolchain Path:  C:\Keil_v5\ARM\ARMCC\Bin
C Compiler:      Armcc.exe V5.06 update 6 (build 750)
Assembler:       Armasm.exe V5.06 update 6 (build 750)
Linker/Locator:  ArmLink.exe V5.06 update 6 (build 750)
Library Manager: ArmAr.exe V5.06 update 6 (build 750)
Hex Converter:   FromElf.exe V5.06 update 6 (build 750)
CPU DLL:         SARMCM3.DLL V5.25.2.0
Dialog DLL:      DCM.DLL V1.17.1.0
Target DLL:      UL2CM3.DLL V1.160.12.0
Dialog DLL:      TCM.DLL V1.35.1.0
 
<h2>Project:</h2>
C:\Users\Ananda Utama\Documents\GitHub\OBDCustom\OBD-II-uV5\OBD-II_Emulator.uvprojx
Project File Date:  04/20/2018

<h2>Output:</h2>
*** Using Compiler 'V5.06 update 6 (build 750)', folder: 'C:\Keil_v5\ARM\ARMCC\Bin'
Build target 'STM32F1 RAM'
compiling main.cpp...
src\main.cpp(62): warning:  #550-D: variable "Pin_D0"  was set but never used
  	GPIO_Config Pin_D0[1];
src\main.cpp(68): warning:  #550-D: variable "Pin_D1"  was set but never used
  	GPIO_Config Pin_D1[1];
src\main.cpp(134): warning:  #550-D: variable "adcMessage"  was set but never used
  	CAN_msg adcMessage[1];
src\main.cpp(143): warning:  #550-D: variable "led8Message"  was set but never used
  	CAN_msg led8Message[1];
src\main.cpp(151): warning:  #177-D: variable "led9Data"  was declared but never referenced
  	unsigned char led9Data[4] = "wor";
src\main.cpp(152): warning:  #550-D: variable "led9Message"  was set but never used
  	CAN_msg led9Message[1];
src\main.cpp(220): warning:  #177-D: variable "rCAN1_MSR"  was declared but never referenced
  	CAN_MSR rCAN1_MSR;
src\main.cpp(223): warning:  #177-D: variable "rCAN1_TSR"  was declared but never referenced
  	CAN_TSR rCAN1_TSR;
src\main.cpp(279): warning:  #175-D: subscript out of range
    CAN1->sTxMailBox[0].TDHR = (((unsigned int)finalMessage->data[7] << 24) | 
src\main.cpp(280): warning:  #175-D: subscript out of range
                               ((unsigned int)finalMessage->data[6] << 16) |
src\main.cpp(281): warning:  #175-D: subscript out of range
                               ((unsigned int)finalMessage->data[5] <<  8) |
src\main.cpp(282): warning:  #175-D: subscript out of range
                               ((unsigned int)finalMessage->data[4])        );
src\main.cpp(253): warning:  #177-D: variable "rCAN_TDT1R"  was declared but never referenced
  	CAN_TDTxR rCAN_TDT1R;
src\main.cpp(257): warning:  #177-D: variable "rCAN_TDL1R"  was declared but never referenced
  	CAN_TDLxR rCAN_TDL1R;
src\main.cpp(259): warning:  #177-D: variable "rCAN_TDH1R"  was declared but never referenced
  	CAN_TDHxR rCAN_TDH1R;
src\main.cpp(262): warning:  #177-D: variable "rCAN_TI1R"  was declared but never referenced
  	CAN_TIxR rCAN_TI1R;
src\main.cpp: 16 warnings, 0 errors
linking...
Program Size: Code=8444 RO-data=368 RW-data=5404 ZI-data=1636  
".\RAM\OBD-II_Emulator.axf" - 0 Error(s), 16 Warning(s).

<h2>Software Packages used:</h2>

Package Vendor: ARM
                http://www.keil.com/pack/ARM.CMSIS.5.3.0.pack
                ARM.CMSIS.5.3.0
                CMSIS (Cortex Microcontroller Software Interface Standard)
   * Component: CORE Version: 5.1.1

Package Vendor: Keil
                http://www.keil.com/pack/Keil.STM32F1xx_DFP.2.2.0.pack
                Keil.STM32F1xx_DFP.2.2.0
                STMicroelectronics STM32F1 Series Device Support, Drivers and Examples
   * Component: Startup Version: 1.0.0

<h2>Collection of Component include folders:</h2>
  .\RTE\Device\STM32F107VC
  .\RTE\_STM32F1_RAM
  C:\Keil_v5\ARM\PACK\ARM\CMSIS\5.3.0\CMSIS\Include
  C:\Keil_v5\ARM\PACK\Keil\STM32F1xx_DFP\2.2.0\Device\Include

<h2>Collection of Component Files used:</h2>

   * Component: ARM::CMSIS:CORE:5.1.1

   * Component: Keil::Device:Startup:1.0.0
      Include file:  RTE_Driver\Config\RTE_Device.h
      Source file:   Device\Source\ARM\STM32F1xx_OPT.s
      Source file:   Device\Source\system_stm32f10x.c
      Source file:   Device\Source\ARM\startup_stm32f10x_cl.s
Build Time Elapsed:  00:00:00
</pre>
</body>
</html>
